Failed prediction: {"timestamp": "2025-05-31T14:01:31.192051", "filename": "613_jpg.rf.2ba5da47e2c02d535c465c9c247b8e12.jpg", "inference_time": 0.05001473426818848, "confidence": 0.0, "result": {"status": "error", "message": "'NoneType' object is not iterable", "extracted_info": {}}, "model_version": "1.0.0", "success": false}
Failed prediction for 613_jpg.rf.2ba5da47e2c02d535c465c9c247b8e12.jpg: Unknown error
Failed prediction: {"timestamp": "2025-05-31T14:01:39.703244", "filename": "9_jpg.rf.7d8a3714e80b05917731bc5a286c5472.jpg", "inference_time": 0.05252408981323242, "confidence": 0.0, "result": {"status": "error", "message": "'NoneType' object is not iterable", "extracted_info": {}}, "model_version": "1.0.0", "success": false}
Failed prediction for 9_jpg.rf.7d8a3714e80b05917731bc5a286c5472.jpg: Unknown error
Failed prediction: {"timestamp": "2025-05-31T12:59:16.319826", "filename": "image28_jpg.rf.0f7b5f06a8c9b67706d5e41498965a4f.jpg", "inference_time": 0.038532257080078125, "confidence": 0.0, "result": {"status": "error", "message": "'NoneType' object is not iterable", "extracted_info": {}}, "model_version": "1.0.0", "success": false}
Failed prediction for image28_jpg.rf.0f7b5f06a8c9b67706d5e41498965a4f.jpg: Unknown error
Failed prediction: {"timestamp": "2025-05-31T20:25:08.418389", "filename": "9_jpg.rf.7d8a3714e80b05917731bc5a286c5472.jpg", "inference_time": 0.1184234619140625, "confidence": 0.0, "result": {"status": "error", "message": "'NoneType' object is not iterable", "extracted_info": {}}, "model_version": "1.0.0", "success": false}
Failed prediction for 9_jpg.rf.7d8a3714e80b05917731bc5a286c5472.jpg: Unknown error
Failed prediction: {"timestamp": "2025-05-31T20:35:20.056390", "filename": "9_jpg.rf.7d8a3714e80b05917731bc5a286c5472.jpg", "inference_time": 0.07488441467285156, "confidence": 0.0, "result": {"status": "error", "message": "'NoneType' object is not iterable", "extracted_info": {}}, "model_version": "1.0.0", "success": false}
Failed prediction for 9_jpg.rf.7d8a3714e80b05917731bc5a286c5472.jpg: Unknown error
Failed prediction: {"timestamp": "2025-05-31T20:45:54.386751", "filename": "9_jpg.rf.7d8a3714e80b05917731bc5a286c5472.jpg", "inference_time": 0.040418386459350586, "confidence": 0.0, "result": {"status": "error", "message": "'NoneType' object is not iterable", "extracted_info": {}}, "model_version": "1.0.0", "success": false}
Failed prediction for 9_jpg.rf.7d8a3714e80b05917731bc5a286c5472.jpg: Unknown error
Failed prediction: {"timestamp": "2025-05-31T20:46:04.712468", "filename": "9_jpg.rf.7d8a3714e80b05917731bc5a286c5472.jpg", "inference_time": 0.05309176445007324, "confidence": 0.0, "result": {"status": "error", "message": "'NoneType' object is not iterable", "extracted_info": {}}, "model_version": "1.0.0", "success": false}
Failed prediction for 9_jpg.rf.7d8a3714e80b05917731bc5a286c5472.jpg: Unknown error
Failed prediction: {"timestamp": "2025-05-31T20:46:06.719978", "filename": "9_jpg.rf.7d8a3714e80b05917731bc5a286c5472.jpg", "inference_time": 0.05414319038391113, "confidence": 0.0, "result": {"status": "error", "message": "'NoneType' object is not iterable", "extracted_info": {}}, "model_version": "1.0.0", "success": false}
Failed prediction for 9_jpg.rf.7d8a3714e80b05917731bc5a286c5472.jpg: Unknown error
Failed prediction: {"timestamp": "2025-05-31T20:51:33.865528", "filename": "9_jpg.rf.7d8a3714e80b05917731bc5a286c5472.jpg", "inference_time": 0.0467228889465332, "confidence": 0.0, "result": {"status": "error", "message": "'NoneType' object is not iterable", "extracted_info": {}}, "model_version": "1.0.0", "success": false}
Failed prediction for 9_jpg.rf.7d8a3714e80b05917731bc5a286c5472.jpg: Unknown error
Failed prediction: {"timestamp": "2025-05-31T22:01:36.347870", "filename": "image28_jpg.rf.0f7b5f06a8c9b67706d5e41498965a4f.jpg", "inference_time": 0.5179510116577148, "confidence": 0.0, "result": {"status": "error", "message": "'NoneType' object is not iterable", "extracted_info": {}}, "model_version": "1.0.0", "success": false}
Failed prediction for image28_jpg.rf.0f7b5f06a8c9b67706d5e41498965a4f.jpg: Unknown error
Failed prediction: {"timestamp": "2025-05-31T22:11:05.138325", "filename": "image28_jpg.rf.0f7b5f06a8c9b67706d5e41498965a4f.jpg", "inference_time": 0.4618265628814697, "confidence": 0.0, "result": {"status": "error", "message": "'NoneType' object is not iterable", "extracted_info": {}}, "model_version": "1.0.0", "success": false}
Failed prediction for image28_jpg.rf.0f7b5f06a8c9b67706d5e41498965a4f.jpg: Unknown error
Failed prediction: {"timestamp": "2025-05-31T22:23:18.627158", "filename": "image28_jpg.rf.0f7b5f06a8c9b67706d5e41498965a4f.jpg", "inference_time": 0.3738372325897217, "confidence": 0.0, "result": {"status": "error", "message": "'NoneType' object is not iterable", "extracted_info": {}}, "model_version": "1.0.0", "success": false}
Failed prediction for image28_jpg.rf.0f7b5f06a8c9b67706d5e41498965a4f.jpg: Unknown error
Failed prediction: {"timestamp": "2025-05-31T22:25:35.359169", "filename": "image28_jpg.rf.0f7b5f06a8c9b67706d5e41498965a4f.jpg", "inference_time": 0.3024730682373047, "confidence": 0.0, "result": {"status": "error", "message": "'NoneType' object is not iterable", "extracted_info": {}}, "model_version": "1.0.0", "success": false}
Failed prediction for image28_jpg.rf.0f7b5f06a8c9b67706d5e41498965a4f.jpg: Unknown error
Failed prediction: {"timestamp": "2025-05-31T22:27:10.293882", "filename": "image28_jpg.rf.0f7b5f06a8c9b67706d5e41498965a4f.jpg", "inference_time": 0.2757077217102051, "confidence": 0.0, "result": {"status": "error", "message": "'NoneType' object is not iterable", "extracted_info": {}}, "model_version": "1.0.0", "success": false}
Failed prediction for image28_jpg.rf.0f7b5f06a8c9b67706d5e41498965a4f.jpg: Unknown error
Failed prediction: {"timestamp": "2025-05-31T22:45:56.723480", "filename": "test_vietnamese_id.png", "inference_time": 0.3035609722137451, "confidence": 0.0, "result": {"status": "error", "message": "'NoneType' object is not iterable", "extracted_info": {}}, "model_version": "1.0.0", "success": false}
Failed prediction for test_vietnamese_id.png: Unknown error
Failed prediction: {"timestamp": "2025-05-31T22:46:13.047941", "filename": "failed_vietnamese_card.jpg", "inference_time": 0.5, "confidence": 0.1, "result": {"status": "error", "error_message": "Không thể nhận diện văn bản tiếng Việt", "confidence": 0.1, "extracted_fields": null}, "model_version": "1.0.0", "success": false}
Failed prediction: {"timestamp": "2025-05-31T22:49:52.554175", "filename": "e9473826-72391af8-e1d6-4f6f-8f75-8afc20cc4318_jpg.rf.c7caddf5a303819fc33abb412b10ecd8.jpg", "inference_time": 0.36857080459594727, "confidence": 0.0, "result": {"status": "error", "message": "'NoneType' object is not iterable", "extracted_info": {}}, "model_version": "1.0.0", "success": false}
Failed prediction for e9473826-72391af8-e1d6-4f6f-8f75-8afc20cc4318_jpg.rf.c7caddf5a303819fc33abb412b10ecd8.jpg: Unknown error
Failed prediction: {"timestamp": "2025-05-31T22:51:35.714538", "filename": "e9473826-72391af8-e1d6-4f6f-8f75-8afc20cc4318_jpg.rf.c7caddf5a303819fc33abb412b10ecd8.jpg", "inference_time": 0.4897012710571289, "confidence": 0.0, "result": {"status": "error", "message": "'NoneType' object is not iterable", "extracted_info": {}}, "model_version": "1.0.0", "success": false}
Failed prediction for e9473826-72391af8-e1d6-4f6f-8f75-8afc20cc4318_jpg.rf.c7caddf5a303819fc33abb412b10ecd8.jpg: Unknown error
